                                                                                                                        
                                                                                                                        
                                                                                                                        
                                                                                                                        
                                                                                                                        
                                                                                                                        
                                                                                                                        
                                                                                                                        
                                                                                                                        
                                                                                                                        
                                                                                                                        
                                                                                                                        
                                                                                                                        
                                                                                                                        
                                                                                                                        
                                                                                                                        
                                                                                                                        
                                                                                                                        
                                                                                                                        
[38;2;245;243;255mNo usage data available[m                                                                                                 
                                                                                                                        
                                                                                                                        
                                                                                                                        
                                                                                                                        
                                                                                                                        
                                                                                                                        
                                                                                                                        
                                                                                                                        
                                                                                                                        
                                                                                                                        
                                                                                                                        
                                                                                                                        
                                                                                                                        
                                                                                                                        
                                                                                                                        
                                                                                                                        
                                                                                                                        
                                                                                                                        
                                                                                                                        
[48;2;124;58;237m [m[1;38;2;245;243;255;48;2;124;58;237m headroom [m[48;2;124;58;237m [m[38;2;167;139;250;48;2;30;16;40m                                   [m[38;2;167;139;250;48;2;30;16;40mUpdated: just now  [m[1;38;2;245;243;255;48;2;30;16;40mq[m[38;2;167;139;250;48;2;30;16;40m quit[m[38;2;167;139;250;48;2;30;16;40m • [m[1;38;2;245;243;255;48;2;30;16;40mr[m[38;2;167;139;250;48;2;30;16;40m refresh[m[38;2;167;139;250;48;2;30;16;40m • [m[1;38;2;245;243;255;48;2;30;16;40mt[m[38;2;167;139;250;48;2;30;16;40m interval[m[38;2;167;139;250;48;2;30;16;40m • [m[1;38;2;245;243;255;48;2;30;16;40m0[m[38;2;167;139;250;48;2;30;16;40m restore[m[38;2;167;139;250;48;2;30;16;40m • [m[1;38;2;245;243;255;48;2;30;16;40m^z[m[38;2;167;139;250;48;2;30;16;40m undo[m[38;2;167;139;250;48;2;30;16;40m [m